<?xml version="1.0" encoding="UTF-8"?><?xml-stylesheet type="text/xsl" href="http://example.com/sitemap-stylesheet.xsl"?>
<urlset xmlns:xsi="http://www.w3.org/2001/XMLSchema-instance" xsi:schemaLocation="http://www.sitemaps.org/schemas/sitemap/0.9 http://www.sitemaps.org/schemas/sitemap/0.9/sitemap.xsd" xmlns="http://www.sitemaps.org/schemas/sitemap/0.9">
<url>
<loc>http://example.com/</loc>
<lastmod>2014-06-01</lastmod>
<changefreq>daily</changefreq>
<priority>1.00</priority>
</url><url>
<loc>http://example.com/customarticles/2014/May/21/article-three/</loc>
<lastmod>2014-06-01</lastmod>
<changefreq>weekly</changefreq>
<priority>0.80</priority>
</url><url>
<loc>http://example.com/customarticles/2011/Jan/30/article-two/</loc>
<lastmod>2011-01-30</lastmod>
<changefreq>weekly</changefreq>
<priority>0.80</priority>
</url><url>
<loc>http://example.com/customarticles/2007/Nov/19/article-one/</loc>
<lastmod>2007-11-19</lastmod>
<changefreq>weekly</changefreq>
<priority>0.80</priority>
</url><url>
<loc>http://example.com/pages/page-two.html</loc>
<lastmod>2014-01-12</lastmod>
<changefreq>monthly</changefreq>
<priority>0.50</priority>
</url><url>
<loc>http://example.com/pages/page-one.html</loc>
<lastmod>2007-11-13</lastmod>
<changefreq>monthly</changefreq>
<priority>0.50</priority>
</url><url>
<loc>http://example.com/category/sample-category-1.html</loc>
<lastmod>2007-11-19</lastmod>
<changefreq>monthly</changefreq>
<priority>0.40</priority>
</url><url>
<loc>http://example.com/category/sample-category-2.html</loc>
<lastmod>2011-01-30</lastmod>
<changefreq>monthly</changefreq>
<priority>0.40</priority>
</url><url>
<loc>http://example.com/category/sample-category-3.html</loc>
<lastmod>2014-06-01</lastmod>
<changefreq>monthly</changefreq>
<priority>0.40</priority>
</url><url>
<loc>http://example.com/tag/tag0.html</loc>
<lastmod>2007-11-19</lastmod>
<changefreq>monthly</changefreq>
<priority>0.40</priority>
</url><url>
<loc>http://example.com/tag/tag1.html</loc>
<lastmod>2011-01-30</lastmod>
<changefreq>monthly</changefreq>
<priority>0.40</priority>
</url><url>
<loc>http://example.com/tag/tag2.html</loc>
<lastmod>2011-01-30</lastmod>
<changefreq>monthly</changefreq>
<priority>0.40</priority>
</url><url>
<loc>http://example.com/tag/tag3.html</loc>
<lastmod>2014-06-01</lastmod>
<changefreq>monthly</changefreq>
<priority>0.40</priority>
</url><url>
<loc>http://example.com/tag/tag4.html</loc>
<lastmod>2014-06-01</lastmod>
<changefreq>monthly</changefreq>
<priority>0.40</priority>
</url><url>
<loc>http://example.com/author/dexter.html</loc>
<lastmod>2007-11-19</lastmod>
<changefreq>monthly</changefreq>
<priority>0.40</priority>
</url><url>
<loc>http://example.com/author/johnny.html</loc>
<lastmod>2011-01-30</lastmod>
<changefreq>monthly</changefreq>
<priority>0.40</priority>
</url><url>
<loc>http://example.com/author/miri.html</loc>
<lastmod>2014-06-01</lastmod>
<changefreq>monthly</changefreq>
<priority>0.40</priority>
</url>
</urlset>