<?xml version="1.0" encoding="UTF-8"?><?xml-stylesheet type="text/xsl" href="http://example.com/subpath/sitemap-stylesheet.xsl"?>
<urlset xmlns:xsi="http://www.w3.org/2001/XMLSchema-instance" xsi:schemaLocation="http://www.sitemaps.org/schemas/sitemap/0.9 http://www.sitemaps.org/schemas/sitemap/0.9/sitemap.xsd" xmlns="http://www.sitemaps.org/schemas/sitemap/0.9">
<url>
<loc>http://example.com/subpath/</loc>
<lastmod>2014-06-01</lastmod>
<changefreq>daily</changefreq>
<priority>1.00</priority>
</url><url>
<loc>http://example.com/subpath/article-three.html</loc>
<lastmod>2014-06-01</lastmod>
<changefreq>weekly</changefreq>
<priority>0.80</priority>
</url><url>
<loc>http://example.com/subpath/article-two.html</loc>
<lastmod>2011-01-30</lastmod>
<changefreq>weekly</changefreq>
<priority>0.80</priority>
</url><url>
<loc>http://example.com/subpath/article-one.html</loc>
<lastmod>2007-11-19</lastmod>
<changefreq>weekly</changefreq>
<priority>0.80</priority>
</url><url>
<loc>http://example.com/subpath/pages/page-two.html</loc>
<lastmod>2014-01-12</lastmod>
<changefreq>monthly</changefreq>
<priority>0.50</priority>
</url><url>
<loc>http://example.com/subpath/pages/page-one.html</loc>
<lastmod>2007-11-13</lastmod>
<changefreq>monthly</changefreq>
<priority>0.50</priority>
</url><url>
<loc>http://example.com/subpath/pages/page-four.html</loc>
<changefreq>monthly</changefreq>
<priority>0.50</priority>
</url><url>
<loc>http://example.com/subpath/pages/page-three.html</loc>
<changefreq>monthly</changefreq>
<priority>0.50</priority>
</url><url>
<loc>http://example.com/subpath/category/sample-category-1.html</loc>
<lastmod>2007-11-19</lastmod>
<changefreq>monthly</changefreq>
<priority>0.40</priority>
</url><url>
<loc>http://example.com/subpath/category/sample-category-2.html</loc>
<lastmod>2011-01-30</lastmod>
<changefreq>monthly</changefreq>
<priority>0.40</priority>
</url><url>
<loc>http://example.com/subpath/category/sample-category-3.html</loc>
<lastmod>2014-06-01</lastmod>
<changefreq>monthly</changefreq>
<priority>0.40</priority>
</url><url>
<loc>http://example.com/subpath/tag/tag0.html</loc>
<lastmod>2007-11-19</lastmod>
<changefreq>monthly</changefreq>
<priority>0.40</priority>
</url><url>
<loc>http://example.com/subpath/tag/tag1.html</loc>
<lastmod>2011-01-30</lastmod>
<changefreq>monthly</changefreq>
<priority>0.40</priority>
</url><url>
<loc>http://example.com/subpath/tag/tag2.html</loc>
<lastmod>2011-01-30</lastmod>
<changefreq>monthly</changefreq>
<priority>0.40</priority>
</url><url>
<loc>http://example.com/subpath/tag/tag3.html</loc>
<lastmod>2014-06-01</lastmod>
<changefreq>monthly</changefreq>
<priority>0.40</priority>
</url><url>
<loc>http://example.com/subpath/tag/tag4.html</loc>
<lastmod>2014-06-01</lastmod>
<changefreq>monthly</changefreq>
<priority>0.40</priority>
</url><url>
<loc>http://example.com/subpath/author/dexter.html</loc>
<lastmod>2007-11-19</lastmod>
<changefreq>monthly</changefreq>
<priority>0.40</priority>
</url><url>
<loc>http://example.com/subpath/author/johnny.html</loc>
<lastmod>2011-01-30</lastmod>
<changefreq>monthly</changefreq>
<priority>0.40</priority>
</url><url>
<loc>http://example.com/subpath/author/miri.html</loc>
<lastmod>2014-06-01</lastmod>
<changefreq>monthly</changefreq>
<priority>0.40</priority>
</url><url>
<loc>http://example.com/subpath/tags.html</loc>
<lastmod>2014-06-01</lastmod>
<changefreq>monthly</changefreq>
<priority>0.40</priority>
</url><url>
<loc>http://example.com/subpath/categories.html</loc>
<lastmod>2014-06-01</lastmod>
<changefreq>monthly</changefreq>
<priority>0.40</priority>
</url><url>
<loc>http://example.com/subpath/authors.html</loc>
<lastmod>2014-06-01</lastmod>
<changefreq>monthly</changefreq>
<priority>0.40</priority>
</url><url>
<loc>http://example.com/subpath/archives.html</loc>
<lastmod>2014-06-01</lastmod>
<changefreq>monthly</changefreq>
<priority>0.40</priority>
</url>
</urlset>